Pstruct(35, tc: 1450.675b, ac: 952.976b, dc: 2036.617b, raw: 3487.292b)
        [Date] (35, tc: 5.044b, ac: 295.521b, dc: 295.521b, raw: 300.565b);
        [StringConst] " " (35, tc: 11.044b, ac: 0b, dc: 0b, raw: 11.044b);
        [Time] (35, tc: 5.044b, ac: 386.555b, dc: 386.555b, raw: 391.599b);
        [StringConst] " " (35, tc: 11.044b, ac: 0b, dc: 0b, raw: 11.044b);
        [Pint] (35, tc: 5.044b, ac: 14.288b, dc: 14.288b, raw: 19.332b);
        [StringConst] " " (35, tc: 11.044b, ac: 0b, dc: 0b, raw: 11.044b);
        [Enum] {[StringConst] "crashdump", [StringConst] "crashreporterd", } (Id = sw 35, tc: 154.133b, ac: 1b, dc: 2b, raw: 156.133b);
        [StringConst] "[" (35, tc: 11.044b, ac: 0b, dc: 0b, raw: 11.044b);
        [Pint] (35, tc: 5.044b, ac: 14.288b, dc: 14.288b, raw: 19.332b);
        [StringConst] "]" (35, tc: 11.044b, ac: 0b, dc: 0b, raw: 11.044b);
        [StringConst] ": " (35, tc: 17.044b, ac: 0b, dc: 0b, raw: 17.044b);
        Switch(sw)(35, tc: 1195.469b, ac: 241.325b, dc: 1323.966b, raw: 2519.434b):
        case [StringConst] "crashdump":
                Punion(35, tc: 1077.662b, ac: 212.651b, dc: 1053.966b, raw: 2131.627b)
                        [StringConst] "crashdump started" (35, tc: 107.044b, ac: 0b, dc: 0b, raw: 107.044b);
                        Pstruct(35, tc: 214.133b, ac: 318.000b, dc: 318b, raw: 532.133b)
                                [StringConst] "Started writing crash report to: " (35, tc: 203.044b, ac: 0b, dc: 0b, raw: 203.044b);
                                [Path] (35, tc: 5.044b, ac: 318.000b, dc: 318b, raw: 323.044b);
                        End Pstruct;
                        Pstruct(35, tc: 220.133b, ac: 318.000b, dc: 318b, raw: 538.133b)
                                [StringConst] "Finished writing crash report to: " (35, tc: 209.044b, ac: 0b, dc: 0b, raw: 209.044b);
                                [Path] (35, tc: 5.044b, ac: 318.000b, dc: 318b, raw: 323.044b);
                        End Pstruct;
                        Pstruct(35, tc: 363.763b, ac: 7.644b, dc: 7.644b, raw: 371.406b)
                                [StringConst] "Unable to determine task_t for pid: " (35, tc: 221.044b, ac: 0b, dc: 0b, raw: 221.044b);
                                [Pint] (35, tc: 5.044b, ac: 7.644b, dc: 7.644b, raw: 12.688b);
                                [StringConst] " name: Exited process" (35, tc: 131.044b, ac: 0b, dc: 0b, raw: 131.044b);
                        End Pstruct;
                        Pstruct(35, tc: 165.222b, ac: 408.000b, dc: 408b, raw: 573.222b)
                                [StringConst] "Failed to re-launch " (35, tc: 125.044b, ac: 0b, dc: 0b, raw: 125.044b);
                                [Path] (35, tc: 5.044b, ac: 318.000b, dc: 318b, raw: 323.044b);
                                [StringConst] " - " (35, tc: 23.044b, ac: 0b, dc: 0b, raw: 23.044b);
                                [String] (35, tc: 5.044b, ac: 90.000b, dc: 90b, raw: 95.044b);
                        End Pstruct;
                End Punion;
        case [StringConst] "crashreporterd":
                Pstruct(35, tc: 111.763b, ac: 270.000b, dc: 270b, raw: 381.763b)
                        [StringME] "/[^ ]\*/" (35, tc: 5.044b, ac: 60.000b, dc: 60b, raw: 65.044b);
                        [StringConst] " reply filaed: " (35, tc: 95.044b, ac: 0b, dc: 0b, raw: 95.044b);
                        [String] (35, tc: 5.044b, ac: 210.000b, dc: 210b, raw: 215.044b);
                End Pstruct;
        End Switch;
End Pstruct

